{
  "entries": [
    {
      "dn": "cn=user1,ou=People,dc=example,dc=com",
      "attributes": {
        "objectClass": ["person", "organizationalPerson", "inetOrgPerson", "top"],
        "cn": ["user1"],
        "sn": ["User"],
        "givenName": ["First"],
        "mail": ["user1@example.com"],
        "entryUUID": ["12345678-1234-5678-1234-567812345678"],
        "modifyTimestamp": ["20250110120000Z"],
        "createTimestamp": ["20250101120000Z"],
        "ds-sync-hist": ["dc=example,dc=com:20250101120000Z:1234567890abc"],
        "ds-pwp-account-disabled": ["FALSE"],
        "isMemberOf": ["cn=engineering,ou=Groups,dc=example,dc=com", "cn=employees,ou=Groups,dc=example,dc=com"]
      }
    }
  ],
  "count": 1,
  "valid": true,
  "server_type": "oud",
  "metadata": {
    "type": "server_specific",
    "server": "Oracle Unified Directory",
    "test_aspects": ["replication_attributes", "sync_history", "entry_uuid", "group_membership", "password_policy"]
  }
}
