{
  "entries": [
    {
      "dn": "cn=Gern Jensen,ou=People,dc=airius,dc=com",
      "changetype": "modrdn",
      "newrdn": "cn=Gerne Jensen",
      "deleteoldrdn": true,
      "new_dn": "cn=Gerne Jensen,ou=People,dc=airius,dc=com"
    }
  ],
  "count": 1,
  "valid": true,
  "metadata": {
    "type": "rfc_operation",
    "operation_type": "modrdn",
    "test_aspects": [
      "changetype_directive",
      "rdn_modification",
      "dn_transformation"
    ]
  }
}
