{
  "entries": [
    {
      "dn": "cn=admin,dc=example,dc=com",
      "attributes": {
        "objectClass": ["person", "orclPerson", "organizationalPerson", "inetOrgPerson"],
        "cn": ["admin"],
        "sn": ["Administrator"],
        "givenName": ["System"],
        "mail": ["admin@example.com"],
        "userPassword": ["{SSHA}TrustNo1"],
        "orclPassword": ["{SSHA}TrustNo1"],
        "orclPasswordExpireTime": ["20250101000000Z"],
        "orclPasswordLockout": ["FALSE"],
        "orclaci": ["(targetentry=\"cn=*,dc=example,dc=com\")(version 3.0;acl \"Admin Access\";allow(all) userdn=\"ldap:///cn=admin,dc=example,dc=com\";)"],
        "attributeTypes": ["( 2.16.840.1.113894.1.1.1 NAME 'orclGUID' SYNTAX 1.3.6.1.4.1.1466.115.121.1.15 )", "( 2.16.840.1.113894.1.1.2 NAME 'orclPassword' SYNTAX 1.3.6.1.4.1.1466.115.121.1.15 )"],
        "objectClasses": ["( 2.16.840.1.113894.1.0.1 NAME 'orclPerson' SUP person STRUCTURAL MAY ( orclPassword $ orclPasswordExpireTime $ orclPasswordLockout $ orclaci ) )"]
      }
    }
  ],
  "count": 1,
  "valid": true,
  "server_type": "oid",
  "metadata": {
    "type": "server_specific",
    "server": "Oracle Internet Directory",
    "test_aspects": ["oracle_specific_attributes", "acl_parsing", "password_handling", "schema_definition"]
  }
}
